Comparing files LINKLIB\ZC390LIB.LST and RT\LINKLIB\SAVE\ZC390LIB.LST
***** LINKLIB\ZC390LIB.LST
14:47:06 ZC390LIB  LZ390 START USING z390 V1.5.06 ON J2SE 1.6.0_31 05/21/12
LZ390I Copyright 2011 Automated Software Tools Corporation
***** RT\LINKLIB\SAVE\ZC390LIB.LST
13:10:09 ZC390LIB  LZ390 START USING z390 V1.5.06 ON J2SE 1.6.0_31 05/21/12
LZ390I Copyright 2011 Automated Software Tools Corporation
*****

***** LINKLIB\ZC390LIB.LST
LZ390I z390 is licensed under GNU General Public License
LZ390I options = SYSCPY(+ZCOBOL\Z390) SYS390(LINKLIB) 
  RMODE24 systerm(linklib\rtlink)
LZ390I program = ZCOBOL\Z390\ZC390LIB.OBJ
***** RT\LINKLIB\SAVE\ZC390LIB.LST
LZ390I z390 is licensed under GNU General Public License
LZ390I options = W:\work\z390\z390.OPT=(time(60)) SYSCPY(+ZCOBOL\Z390) 
  SYS390(LINKLIB) RMODE24 systerm(linklib\rtlink)
LZ390I program = ZCOBOL\Z390\ZC390LIB.OBJ
*****

***** LINKLIB\ZC390LIB.LST
LZ390I total errors         = 0
14:47:07 ZC390LIB  LZ390 ENDED   RC= 0 SEC= 0 MEM(MB)= 32 IO=2083
***** RT\LINKLIB\SAVE\ZC390LIB.LST
LZ390I total errors         = 0
13:10:10 ZC390LIB  LZ390 ENDED   RC= 0 SEC= 0 MEM(MB)= 32 IO=2083
*****

